[demo.foodking.dev/index.html]
[demo.foodking.dev/themes/default/fonts/fontawesome/fontawesome.css]
[demo.foodking.dev/themes/default/fonts/lab/lab.css]
[demo.foodking.dev/themes/default/fonts/typography/public/public.css]
[demo.foodking.dev/themes/default/fonts/typography/rubik/rubik.css]
[demo.foodking.dev/themes/default/css/style.css]
[demo.foodking.dev/themes/default/css/custom.css]
[backblue.gif]
[fade.gif]
[index.html]
[demo.foodking.dev/images/theme/theme-favicon-logo.png]
[demo.foodking.dev/themes/default/js/jquery-v3.2.1.min.js]
[demo.foodking.dev/js/app.js]
[demo.foodking.dev/themes/default/js/drawer.js]
[demo.foodking.dev/themes/default/js/modal.js]
[demo.foodking.dev/themes/default/js/jqueryScript.js]
[demo.foodking.dev/themes/default/js/tabs.js]
[demo.foodking.dev/themes/default/js/jqueryDropdown.js]
[demo.foodking.dev/index.html]
[demo.foodking.dev/themes/default/js/apexcharts/apexcharts.min.js]
[demo.foodking.dev/themes/default/fonts/fontawesome/fa-brands-400.woff2]
[demo.foodking.dev/themes/default/fonts/fontawesome/fa-brands-400.ttf]
[demo.foodking.dev/themes/default/fonts/fontawesome/fa-regular-400.woff2]
[demo.foodking.dev/themes/default/fonts/fontawesome/fa-regular-400.ttf]
[demo.foodking.dev/themes/default/fonts/fontawesome/fa-solid-900.woff2]
[demo.foodking.dev/themes/default/fonts/fontawesome/fa-solid-900.ttf]
[demo.foodking.dev/themes/default/fonts/fontawesome/fa-v4compatibility.woff2]
[demo.foodking.dev/themes/default/fonts/fontawesome/fa-v4compatibility.ttf]
[demo.foodking.dev/themes/default/fonts/fontawesome/fontawesome.css]
[demo.foodking.dev/themes/default/fonts/lab/lab36b3.eot]
[demo.foodking.dev/themes/default/fonts/lab/labd41d.eot]
[demo.foodking.dev/themes/default/fonts/lab/lab36b3.woff2]
[demo.foodking.dev/themes/default/fonts/lab/lab36b3.woff]
[demo.foodking.dev/themes/default/fonts/lab/lab36b3.ttf]
[demo.foodking.dev/themes/default/fonts/lab/lab.css]
[demo.foodking.dev/themes/default/fonts/lab/lab36b3.svg]
[demo.foodking.dev/themes/default/fonts/typography/public/PublicSans-Thin.ttf]
[demo.foodking.dev/themes/default/fonts/typography/public/PublicSans-ExtraLight.ttf]
[demo.foodking.dev/themes/default/fonts/typography/public/PublicSans-Light.ttf]
[demo.foodking.dev/themes/default/fonts/typography/public/PublicSans-Regular.ttf]
[demo.foodking.dev/themes/default/fonts/typography/public/PublicSans-Medium.ttf]
[demo.foodking.dev/themes/default/fonts/typography/public/PublicSans-SemiBold.ttf]
[demo.foodking.dev/themes/default/fonts/typography/public/PublicSans-Bold.ttf]
[demo.foodking.dev/themes/default/fonts/typography/public/PublicSans-ExtraBold.ttf]
[demo.foodking.dev/themes/default/fonts/typography/public/PublicSans-Black.ttf]
[demo.foodking.dev/themes/default/fonts/typography/public/public.css]
[demo.foodking.dev/themes/default/fonts/typography/rubik/Rubik-Light.ttf]
[demo.foodking.dev/themes/default/fonts/typography/rubik/Rubik-Regular.ttf]
[demo.foodking.dev/themes/default/fonts/typography/rubik/Rubik-Medium.ttf]
[demo.foodking.dev/themes/default/fonts/typography/rubik/Rubik-SemiBold.ttf]
[demo.foodking.dev/themes/default/fonts/typography/rubik/Rubik-Bold.ttf]
[demo.foodking.dev/themes/default/fonts/typography/rubik/Rubik-ExtraBold.ttf]
[demo.foodking.dev/themes/default/fonts/typography/rubik/Rubik-Black.ttf]
[demo.foodking.dev/themes/default/fonts/typography/rubik/rubik.css]
[demo.foodking.dev/images/bg/footer.png]
[demo.foodking.dev/themes/default/images/bg/installer.jpg]
[demo.foodking.dev/themes/default/css/style.css]
[demo.foodking.dev/themes/default/css/custom.css]
[demo.foodking.dev/css/app.css]
[demo.foodking.dev/themes/default/fonts/lab/lab36b3.svg]
[demo.foodking.dev/themes/default/images/bg/installer.json]
